-- JSON_EXISTS
SELECT JSON_EXISTS(NULL FORMAT JSON, '$');
ERROR:  JSON_EXISTS() is not yet implemented for the json type
LINE 1: SELECT JSON_EXISTS(NULL FORMAT JSON, '$');
               ^
HINT:  Try casting the argument to jsonb
-- JSON_VALUE
SELECT JSON_VALUE(NULL FORMAT JSON, '$');
ERROR:  JSON_VALUE() is not yet implemented for the json type
LINE 1: SELECT JSON_VALUE(NULL FORMAT JSON, '$');
               ^
HINT:  Try casting the argument to jsonb
-- JSON_QUERY
SELECT JSON_QUERY(NULL FORMAT JSON, '$');
ERROR:  JSON_QUERY() is not yet implemented for the json type
LINE 1: SELECT JSON_QUERY(NULL FORMAT JSON, '$');
               ^
HINT:  Try casting the argument to jsonb
-- JSON_TABLE
SELECT * FROM JSON_TABLE(NULL FORMAT JSON, '$' COLUMNS (foo text));
ERROR:  JSON_TABLE() is not yet implemented for the json type
LINE 1: SELECT * FROM JSON_TABLE(NULL FORMAT JSON, '$' COLUMNS (foo ...
                                 ^
HINT:  Try casting the argument to jsonb
